// Jest Snapshot v1, https://goo.gl/fbAQLP

exports[`<Button/> deve corresponder ao snapshot 1`] = `
<DocumentFragment>
  <button
    class="flex items-center justify-center gap-2 rounded-lg text-base font-medium transition bg-green-950 px-4 py-2.5 enabled:hover:bg-green-800 disabled:bg-gray-400 disabled:text-gray-700"
  >
    <span
      class="whitespace-nowrap text-base"
    >
      Clique aqui
    </span>
  </button>
</DocumentFragment>
`;
